Fetching 7 files:   0%|          | 0/7 [00:00<?, ?it/s]Fetching 7 files: 100%|██████████| 7/7 [00:00<00:00, 4102.87it/s]
7810/7811 examples usable
trainable params 20.2M
step 10/977 loss 2.8871 lr 2.08e-05 149s mem 4.06GB
step 20/977 loss 2.6779 lr 4.17e-05 325s mem 4.06GB
step 30/977 loss 2.6530 lr 6.25e-05 497s mem 4.06GB
step 40/977 loss 2.5096 lr 8.33e-05 654s mem 4.06GB
step 50/977 loss 2.4565 lr 1.00e-04 805s mem 4.12GB
step 60/977 loss 2.5168 lr 1.00e-04 963s mem 4.12GB
step 70/977 loss 2.5708 lr 9.99e-05 1107s mem 4.67GB
step 80/977 loss 2.4784 lr 9.97e-05 1269s mem 4.67GB
step 90/977 loss 2.4522 lr 9.95e-05 1407s mem 4.67GB
step 100/977 loss 2.3802 lr 9.93e-05 1564s mem 4.67GB
step 110/977 loss 2.4663 lr 9.90e-05 1719s mem 4.67GB
step 120/977 loss 2.4005 lr 9.87e-05 1840s mem 4.67GB
step 130/977 loss 2.4204 lr 9.83e-05 2011s mem 4.67GB
step 140/977 loss 2.3674 lr 9.78e-05 2149s mem 4.67GB
step 150/977 loss 2.3862 lr 9.73e-05 2315s mem 4.67GB
step 160/977 loss 2.4821 lr 9.68e-05 2459s mem 4.82GB
step 170/977 loss 2.4189 lr 9.62e-05 2618s mem 5.12GB
step 180/977 loss 2.4412 lr 9.56e-05 2782s mem 5.12GB
step 190/977 loss 2.2950 lr 9.49e-05 2941s mem 5.12GB
step 200/977 loss 2.3764 lr 9.41e-05 3081s mem 5.12GB
step 210/977 loss 2.3754 lr 9.34e-05 3225s mem 5.12GB
step 220/977 loss 2.3370 lr 9.25e-05 3370s mem 5.12GB
step 230/977 loss 2.3199 lr 9.17e-05 3509s mem 5.12GB
step 240/977 loss 2.2811 lr 9.08e-05 3647s mem 5.12GB
step 250/977 loss 2.4113 lr 8.98e-05 3815s mem 5.12GB
step 260/977 loss 2.3087 lr 8.88e-05 3976s mem 5.12GB
step 270/977 loss 2.3182 lr 8.78e-05 4135s mem 5.12GB
step 280/977 loss 2.3779 lr 8.67e-05 4267s mem 5.12GB
step 290/977 loss 2.2566 lr 8.56e-05 4437s mem 5.12GB
step 300/977 loss 2.3821 lr 8.45e-05 4597s mem 5.12GB
step 310/977 loss 2.2451 lr 8.33e-05 4757s mem 5.12GB
step 320/977 loss 2.2635 lr 8.21e-05 4914s mem 5.28GB
step 330/977 loss 2.3009 lr 8.08e-05 5049s mem 5.28GB
step 340/977 loss 2.3316 lr 7.95e-05 5194s mem 5.28GB
step 350/977 loss 2.1534 lr 7.82e-05 5320s mem 5.28GB
step 360/977 loss 2.2883 lr 7.69e-05 5471s mem 5.28GB
step 370/977 loss 2.2303 lr 7.55e-05 5630s mem 5.28GB
step 380/977 loss 2.2624 lr 7.41e-05 5735s mem 5.28GB
step 390/977 loss 2.1706 lr 7.27e-05 5883s mem 5.28GB
step 400/977 loss 2.3231 lr 7.12e-05 6026s mem 5.28GB
step 410/977 loss 2.3453 lr 6.98e-05 6172s mem 5.28GB
step 420/977 loss 2.2250 lr 6.83e-05 6308s mem 5.28GB
step 430/977 loss 2.3447 lr 6.68e-05 6448s mem 5.28GB
step 440/977 loss 2.2372 lr 6.53e-05 6595s mem 5.28GB
step 450/977 loss 2.2702 lr 6.37e-05 6719s mem 5.28GB
step 460/977 loss 2.3581 lr 6.22e-05 6867s mem 5.28GB
step 470/977 loss 2.3804 lr 6.06e-05 7026s mem 5.28GB
step 480/977 loss 2.3103 lr 5.90e-05 7170s mem 5.28GB
step 490/977 loss 2.2536 lr 5.74e-05 7300s mem 5.28GB
step 500/977 loss 2.2963 lr 5.59e-05 7455s mem 5.28GB
step 510/977 loss 2.2227 lr 5.43e-05 7592s mem 5.28GB
step 520/977 loss 2.2605 lr 5.27e-05 7715s mem 5.28GB
step 530/977 loss 2.2609 lr 5.10e-05 7853s mem 5.28GB
step 540/977 loss 2.2914 lr 4.94e-05 8014s mem 5.28GB
step 550/977 loss 2.3092 lr 4.78e-05 8167s mem 5.28GB
step 560/977 loss 2.2570 lr 4.62e-05 8322s mem 5.28GB
step 570/977 loss 2.3216 lr 4.46e-05 8466s mem 5.28GB
step 580/977 loss 2.2438 lr 4.30e-05 8602s mem 5.28GB
step 590/977 loss 2.2014 lr 4.14e-05 8727s mem 5.28GB
step 600/977 loss 2.3026 lr 3.99e-05 8870s mem 5.28GB
step 610/977 loss 2.2660 lr 3.83e-05 9024s mem 5.28GB
step 620/977 loss 2.2559 lr 3.67e-05 9165s mem 5.28GB
step 630/977 loss 2.1626 lr 3.52e-05 9317s mem 5.28GB
step 640/977 loss 2.3177 lr 3.37e-05 9462s mem 5.28GB
step 650/977 loss 2.2121 lr 3.22e-05 9610s mem 5.28GB
step 660/977 loss 2.2438 lr 3.07e-05 9754s mem 5.28GB
step 670/977 loss 2.2880 lr 2.92e-05 9895s mem 5.28GB
step 680/977 loss 2.2550 lr 2.77e-05 10028s mem 5.28GB
step 690/977 loss 2.2423 lr 2.63e-05 10174s mem 5.28GB
step 700/977 loss 2.2540 lr 2.49e-05 10306s mem 5.28GB
step 710/977 loss 2.2582 lr 2.35e-05 10426s mem 5.28GB
step 720/977 loss 2.2320 lr 2.22e-05 10577s mem 5.28GB
step 730/977 loss 2.1800 lr 2.09e-05 10686s mem 5.28GB
step 740/977 loss 2.2544 lr 1.96e-05 10822s mem 5.28GB
step 750/977 loss 2.2587 lr 1.83e-05 10969s mem 5.28GB
step 760/977 loss 2.2958 lr 1.71e-05 11146s mem 5.28GB
step 770/977 loss 2.1772 lr 1.59e-05 11292s mem 5.28GB
step 780/977 loss 2.2623 lr 1.47e-05 11447s mem 5.28GB
step 790/977 loss 2.2326 lr 1.36e-05 11585s mem 5.28GB
step 800/977 loss 2.2671 lr 1.25e-05 11713s mem 5.28GB
step 810/977 loss 2.2639 lr 1.15e-05 11850s mem 5.28GB
step 820/977 loss 2.2861 lr 1.05e-05 12012s mem 5.28GB
step 830/977 loss 2.1770 lr 9.51e-06 12145s mem 5.28GB
step 840/977 loss 2.2226 lr 8.59e-06 12277s mem 5.28GB
step 850/977 loss 2.2685 lr 7.71e-06 12384s mem 5.28GB
step 860/977 loss 2.1734 lr 6.87e-06 12528s mem 5.28GB
step 870/977 loss 2.2153 lr 6.08e-06 12646s mem 5.28GB
step 880/977 loss 2.3161 lr 5.34e-06 12803s mem 5.28GB
step 890/977 loss 2.1382 lr 4.64e-06 12935s mem 5.28GB
step 900/977 loss 2.3144 lr 3.98e-06 13064s mem 5.28GB
step 910/977 loss 2.1308 lr 3.38e-06 13197s mem 5.28GB
step 920/977 loss 2.2425 lr 2.82e-06 13350s mem 5.28GB
step 930/977 loss 2.3927 lr 2.31e-06 13484s mem 5.28GB
step 940/977 loss 2.2735 lr 1.86e-06 13609s mem 5.28GB
step 950/977 loss 2.1359 lr 1.45e-06 13774s mem 5.28GB
step 960/977 loss 2.2001 lr 1.09e-06 13911s mem 5.28GB
step 970/977 loss 2.1256 lr 7.80e-07 14041s mem 5.28GB
done 14112.416355848312
