Fetching 7 files:   0%|          | 0/7 [00:00<?, ?it/s]Fetching 7 files: 100%|██████████| 7/7 [00:00<00:00, 1879.77it/s]
10000/10000 examples usable
Loaded held-out eval dataset: 2500/2500 usable examples (sorted by length)
trainable params 10.1M
Eval configured: every 2500 data rows (500 optimization steps)

--- Running Held-Out Evaluation at Step 0 (0 rows trained) (2500 samples) ---
  [Eval] 500/2500 samples evaluated...
  [Eval] 1000/2500 samples evaluated...
  [Eval] 1500/2500 samples evaluated...
  [Eval] 2000/2500 samples evaluated...
  [Eval] 2500/2500 samples evaluated...
[Eval Step 0 | 0 Rows] Loss: 2.2434 | PPL: 9.43 | Time: 600.1s
-----------------------------------------------------------------

step 10/4000 loss 2.4380 lr 7.50e-07 42s mem 3.90GB
step 20/4000 loss 2.1576 lr 1.50e-06 81s mem 3.90GB
step 30/4000 loss 1.8932 lr 2.25e-06 129s mem 3.90GB
step 40/4000 loss 1.9757 lr 3.00e-06 174s mem 3.90GB
step 50/4000 loss 1.9372 lr 3.75e-06 220s mem 3.90GB
step 60/4000 loss 1.9341 lr 4.50e-06 256s mem 3.90GB
step 70/4000 loss 1.8300 lr 5.25e-06 296s mem 3.90GB
step 80/4000 loss 1.6938 lr 6.00e-06 341s mem 3.90GB
step 90/4000 loss 1.7093 lr 6.75e-06 384s mem 3.90GB
step 100/4000 loss 1.8178 lr 7.50e-06 429s mem 3.90GB
step 110/4000 loss 1.9913 lr 8.25e-06 471s mem 3.90GB
step 120/4000 loss 1.6542 lr 9.00e-06 513s mem 3.90GB
step 130/4000 loss 1.7820 lr 9.75e-06 550s mem 3.90GB
step 140/4000 loss 1.6143 lr 1.05e-05 591s mem 3.90GB
step 150/4000 loss 1.8698 lr 1.13e-05 632s mem 3.90GB
step 160/4000 loss 1.7500 lr 1.20e-05 670s mem 3.90GB
step 170/4000 loss 1.8822 lr 1.28e-05 717s mem 3.90GB
step 180/4000 loss 1.6641 lr 1.35e-05 769s mem 3.90GB
step 190/4000 loss 1.7312 lr 1.43e-05 824s mem 4.06GB
step 200/4000 loss 1.8386 lr 1.50e-05 868s mem 4.06GB
step 210/4000 loss 1.6995 lr 1.50e-05 910s mem 4.06GB
step 220/4000 loss 1.4659 lr 1.50e-05 952s mem 4.06GB
step 230/4000 loss 1.5351 lr 1.50e-05 987s mem 4.06GB
step 240/4000 loss 1.8108 lr 1.50e-05 1030s mem 4.06GB
step 250/4000 loss 1.9806 lr 1.50e-05 1074s mem 4.06GB
step 260/4000 loss 1.7834 lr 1.50e-05 1113s mem 4.06GB
step 270/4000 loss 1.8254 lr 1.50e-05 1153s mem 4.06GB
step 280/4000 loss 1.6301 lr 1.50e-05 1191s mem 4.06GB
step 290/4000 loss 1.3050 lr 1.50e-05 1225s mem 4.06GB
step 300/4000 loss 1.9447 lr 1.50e-05 1265s mem 4.06GB
step 310/4000 loss 1.5429 lr 1.50e-05 1306s mem 4.06GB
step 320/4000 loss 1.5510 lr 1.50e-05 1344s mem 4.06GB
step 330/4000 loss 1.7683 lr 1.50e-05 1397s mem 4.06GB
step 340/4000 loss 1.8400 lr 1.50e-05 1442s mem 4.06GB
step 350/4000 loss 1.6315 lr 1.49e-05 1480s mem 4.06GB
step 360/4000 loss 1.7188 lr 1.49e-05 1520s mem 4.06GB
step 370/4000 loss 2.0130 lr 1.49e-05 1565s mem 4.06GB
step 380/4000 loss 2.0334 lr 1.49e-05 1607s mem 4.06GB
step 390/4000 loss 1.8517 lr 1.49e-05 1651s mem 4.06GB
step 400/4000 loss 1.5532 lr 1.49e-05 1690s mem 4.06GB
step 410/4000 loss 1.6969 lr 1.49e-05 1729s mem 4.06GB
step 420/4000 loss 1.8693 lr 1.49e-05 1768s mem 4.06GB
step 430/4000 loss 1.5494 lr 1.49e-05 1812s mem 4.06GB
step 440/4000 loss 1.8785 lr 1.49e-05 1852s mem 4.06GB
step 450/4000 loss 1.5974 lr 1.49e-05 1890s mem 4.06GB
step 460/4000 loss 1.5424 lr 1.48e-05 1927s mem 4.06GB
step 470/4000 loss 1.5182 lr 1.48e-05 1971s mem 4.06GB
step 480/4000 loss 1.5447 lr 1.48e-05 2019s mem 4.06GB
step 490/4000 loss 1.6087 lr 1.48e-05 2056s mem 4.06GB
step 500/4000 loss 1.5585 lr 1.48e-05 2100s mem 4.06GB

--- Running Held-Out Evaluation at Step 500 (2,500 rows trained) (2500 samples) ---
  [Eval] 500/2500 samples evaluated...
  [Eval] 1000/2500 samples evaluated...
  [Eval] 1500/2500 samples evaluated...
  [Eval] 2000/2500 samples evaluated...
  [Eval] 2500/2500 samples evaluated...
[Eval Step 500 | 2,500 Rows] Loss: 1.8467 | PPL: 6.34 | Time: 599.5s
-----------------------------------------------------------------

step 510/4000 loss 1.8387 lr 1.48e-05 2742s mem 4.06GB
step 520/4000 loss 1.4778 lr 1.48e-05 2781s mem 4.06GB
step 530/4000 loss 1.6232 lr 1.47e-05 2820s mem 4.06GB
step 540/4000 loss 1.9344 lr 1.47e-05 2865s mem 4.06GB
step 550/4000 loss 1.9712 lr 1.47e-05 2906s mem 4.06GB
step 560/4000 loss 1.6277 lr 1.47e-05 2942s mem 4.06GB
step 570/4000 loss 1.7580 lr 1.47e-05 2984s mem 4.06GB
step 580/4000 loss 1.7681 lr 1.47e-05 3026s mem 4.06GB
step 590/4000 loss 1.6026 lr 1.47e-05 3064s mem 4.06GB
step 600/4000 loss 1.6809 lr 1.46e-05 3102s mem 4.06GB
step 610/4000 loss 1.5728 lr 1.46e-05 3143s mem 4.06GB
step 620/4000 loss 1.5450 lr 1.46e-05 3180s mem 4.06GB
step 630/4000 loss 1.7742 lr 1.46e-05 3217s mem 4.06GB
step 640/4000 loss 1.7128 lr 1.46e-05 3261s mem 4.06GB
step 650/4000 loss 1.4073 lr 1.45e-05 3295s mem 4.06GB
step 660/4000 loss 1.3363 lr 1.45e-05 3334s mem 4.06GB
step 670/4000 loss 1.6978 lr 1.45e-05 3375s mem 4.06GB
step 680/4000 loss 1.8332 lr 1.45e-05 3416s mem 4.06GB
step 690/4000 loss 1.6467 lr 1.45e-05 3456s mem 4.06GB
step 700/4000 loss 1.7283 lr 1.44e-05 3495s mem 4.06GB
step 710/4000 loss 1.8693 lr 1.44e-05 3541s mem 4.06GB
step 720/4000 loss 1.7135 lr 1.44e-05 3586s mem 4.06GB
step 730/4000 loss 1.6745 lr 1.44e-05 3625s mem 4.06GB
step 740/4000 loss 1.7309 lr 1.43e-05 3665s mem 4.06GB
step 750/4000 loss 1.3673 lr 1.43e-05 3711s mem 4.06GB
step 760/4000 loss 1.5649 lr 1.43e-05 3753s mem 4.06GB
step 770/4000 loss 1.6367 lr 1.43e-05 3792s mem 4.06GB
step 780/4000 loss 1.7648 lr 1.42e-05 3836s mem 4.06GB
step 790/4000 loss 1.6699 lr 1.42e-05 3877s mem 4.06GB
step 800/4000 loss 1.6497 lr 1.42e-05 3917s mem 4.06GB
step 810/4000 loss 1.3712 lr 1.42e-05 3954s mem 4.06GB
step 820/4000 loss 1.6192 lr 1.41e-05 4005s mem 4.06GB
step 830/4000 loss 1.7196 lr 1.41e-05 4047s mem 4.06GB
step 840/4000 loss 1.6487 lr 1.41e-05 4085s mem 4.06GB
step 850/4000 loss 1.7875 lr 1.40e-05 4127s mem 4.06GB
step 860/4000 loss 1.4189 lr 1.40e-05 4165s mem 4.06GB
step 870/4000 loss 1.6875 lr 1.40e-05 4206s mem 4.06GB
step 880/4000 loss 1.7221 lr 1.40e-05 4255s mem 4.06GB
step 890/4000 loss 1.5283 lr 1.39e-05 4297s mem 4.06GB
step 900/4000 loss 1.7486 lr 1.39e-05 4346s mem 4.06GB
step 910/4000 loss 1.8041 lr 1.39e-05 4393s mem 4.10GB
step 920/4000 loss 1.5299 lr 1.38e-05 4433s mem 4.10GB
step 930/4000 loss 1.3552 lr 1.38e-05 4473s mem 4.10GB
step 940/4000 loss 1.5224 lr 1.38e-05 4519s mem 4.10GB
step 950/4000 loss 1.5548 lr 1.37e-05 4561s mem 4.10GB
step 960/4000 loss 1.4443 lr 1.37e-05 4597s mem 4.10GB
step 970/4000 loss 1.6433 lr 1.37e-05 4642s mem 4.10GB
step 980/4000 loss 1.7492 lr 1.36e-05 4690s mem 4.10GB
step 990/4000 loss 1.6561 lr 1.36e-05 4739s mem 4.10GB
step 1000/4000 loss 1.5469 lr 1.36e-05 4781s mem 4.10GB

--- Running Held-Out Evaluation at Step 1000 (5,000 rows trained) (2500 samples) ---
  [Eval] 500/2500 samples evaluated...
  [Eval] 1000/2500 samples evaluated...
  [Eval] 1500/2500 samples evaluated...
  [Eval] 2000/2500 samples evaluated...
  [Eval] 2500/2500 samples evaluated...
[Eval Step 1000 | 5,000 Rows] Loss: 1.8111 | PPL: 6.12 | Time: 597.1s
-----------------------------------------------------------------

step 1010/4000 loss 1.6117 lr 1.35e-05 5420s mem 4.10GB
step 1020/4000 loss 1.7362 lr 1.35e-05 5464s mem 4.10GB
step 1030/4000 loss 1.6057 lr 1.35e-05 5503s mem 4.10GB
step 1040/4000 loss 1.5195 lr 1.34e-05 5544s mem 4.10GB
step 1050/4000 loss 1.9247 lr 1.34e-05 5590s mem 4.10GB
step 1060/4000 loss 1.4290 lr 1.34e-05 5627s mem 4.10GB
step 1070/4000 loss 1.6486 lr 1.33e-05 5664s mem 4.10GB
step 1080/4000 loss 1.5922 lr 1.33e-05 5701s mem 4.10GB
step 1090/4000 loss 1.6828 lr 1.32e-05 5744s mem 4.10GB
step 1100/4000 loss 1.6410 lr 1.32e-05 5785s mem 4.10GB
step 1110/4000 loss 1.6337 lr 1.32e-05 5829s mem 4.10GB
step 1120/4000 loss 1.7307 lr 1.31e-05 5877s mem 4.10GB
step 1130/4000 loss 1.6885 lr 1.31e-05 5923s mem 4.10GB
step 1140/4000 loss 1.7276 lr 1.30e-05 5962s mem 4.10GB
step 1150/4000 loss 1.7452 lr 1.30e-05 5999s mem 4.10GB
step 1160/4000 loss 1.5030 lr 1.30e-05 6039s mem 4.10GB
step 1170/4000 loss 1.6074 lr 1.29e-05 6082s mem 4.10GB
step 1180/4000 loss 1.4512 lr 1.29e-05 6119s mem 4.10GB
step 1190/4000 loss 1.6373 lr 1.28e-05 6155s mem 4.10GB
step 1200/4000 loss 1.5276 lr 1.28e-05 6191s mem 4.10GB
step 1210/4000 loss 1.6779 lr 1.28e-05 6229s mem 4.10GB
step 1220/4000 loss 1.4967 lr 1.27e-05 6272s mem 4.10GB
step 1230/4000 loss 1.4877 lr 1.27e-05 6309s mem 4.10GB
step 1240/4000 loss 1.6234 lr 1.26e-05 6359s mem 4.10GB
step 1250/4000 loss 1.7936 lr 1.26e-05 6400s mem 4.10GB
step 1260/4000 loss 1.6147 lr 1.25e-05 6441s mem 4.10GB
step 1270/4000 loss 1.5228 lr 1.25e-05 6503s mem 4.10GB
step 1280/4000 loss 1.4707 lr 1.25e-05 6543s mem 4.10GB
step 1290/4000 loss 1.8396 lr 1.24e-05 6587s mem 4.10GB
step 1300/4000 loss 1.3922 lr 1.24e-05 6626s mem 4.10GB
step 1310/4000 loss 1.4589 lr 1.23e-05 6668s mem 4.10GB
step 1320/4000 loss 1.4165 lr 1.23e-05 6709s mem 4.10GB
step 1330/4000 loss 1.7931 lr 1.22e-05 6758s mem 4.10GB
step 1340/4000 loss 1.5952 lr 1.22e-05 6799s mem 4.10GB
step 1350/4000 loss 1.8263 lr 1.21e-05 6841s mem 4.10GB
step 1360/4000 loss 1.1976 lr 1.21e-05 6879s mem 4.10GB
step 1370/4000 loss 1.5438 lr 1.21e-05 6924s mem 4.10GB
step 1380/4000 loss 1.6767 lr 1.20e-05 6965s mem 4.10GB
step 1390/4000 loss 1.3743 lr 1.20e-05 7002s mem 4.10GB
step 1400/4000 loss 1.6410 lr 1.19e-05 7042s mem 4.10GB
step 1410/4000 loss 1.7172 lr 1.19e-05 7078s mem 4.10GB
step 1420/4000 loss 1.6521 lr 1.18e-05 7121s mem 4.10GB
step 1430/4000 loss 1.7985 lr 1.18e-05 7162s mem 4.10GB
step 1440/4000 loss 1.6686 lr 1.17e-05 7204s mem 4.10GB
step 1450/4000 loss 1.5274 lr 1.17e-05 7248s mem 4.10GB
step 1460/4000 loss 1.5359 lr 1.16e-05 7291s mem 4.10GB
step 1470/4000 loss 1.8253 lr 1.16e-05 7334s mem 4.10GB
step 1480/4000 loss 1.5026 lr 1.15e-05 7378s mem 4.10GB
step 1490/4000 loss 1.6216 lr 1.15e-05 7428s mem 4.10GB
step 1500/4000 loss 1.5040 lr 1.14e-05 7467s mem 4.10GB

--- Running Held-Out Evaluation at Step 1500 (7,500 rows trained) (2500 samples) ---
  [Eval] 500/2500 samples evaluated...
  [Eval] 1000/2500 samples evaluated...
  [Eval] 1500/2500 samples evaluated...
  [Eval] 2000/2500 samples evaluated...
  [Eval] 2500/2500 samples evaluated...
[Eval Step 1500 | 7,500 Rows] Loss: 1.7954 | PPL: 6.02 | Time: 597.2s
-----------------------------------------------------------------

step 1510/4000 loss 1.8872 lr 1.14e-05 8105s mem 4.10GB
step 1520/4000 loss 1.6871 lr 1.13e-05 8143s mem 4.10GB
step 1530/4000 loss 1.5038 lr 1.13e-05 8183s mem 4.10GB
step 1540/4000 loss 1.6197 lr 1.12e-05 8220s mem 4.10GB
step 1550/4000 loss 1.7277 lr 1.12e-05 8259s mem 4.10GB
step 1560/4000 loss 1.7388 lr 1.11e-05 8305s mem 4.10GB
step 1570/4000 loss 1.5581 lr 1.11e-05 8354s mem 4.10GB
step 1580/4000 loss 1.6324 lr 1.10e-05 8395s mem 4.10GB
step 1590/4000 loss 1.3442 lr 1.10e-05 8429s mem 4.10GB
step 1600/4000 loss 1.7933 lr 1.09e-05 8471s mem 4.10GB
step 1610/4000 loss 1.4963 lr 1.09e-05 8512s mem 4.10GB
step 1620/4000 loss 1.6733 lr 1.08e-05 8554s mem 4.10GB
step 1630/4000 loss 1.6294 lr 1.07e-05 8602s mem 4.10GB
step 1640/4000 loss 1.8164 lr 1.07e-05 8644s mem 4.10GB
step 1650/4000 loss 1.6899 lr 1.06e-05 8689s mem 4.10GB
step 1660/4000 loss 1.5224 lr 1.06e-05 8733s mem 4.10GB
step 1670/4000 loss 1.5782 lr 1.05e-05 8776s mem 4.10GB
step 1680/4000 loss 1.6386 lr 1.05e-05 8816s mem 4.10GB
step 1690/4000 loss 1.5116 lr 1.04e-05 8857s mem 4.10GB
step 1700/4000 loss 1.6483 lr 1.04e-05 8893s mem 4.10GB
step 1710/4000 loss 1.5568 lr 1.03e-05 8929s mem 4.10GB
step 1720/4000 loss 1.5187 lr 1.03e-05 8968s mem 4.10GB
step 1730/4000 loss 1.6794 lr 1.02e-05 9009s mem 4.10GB
step 1740/4000 loss 1.7813 lr 1.02e-05 9064s mem 4.10GB
step 1750/4000 loss 1.4779 lr 1.01e-05 9102s mem 4.10GB
step 1760/4000 loss 1.5393 lr 1.00e-05 9146s mem 4.10GB
step 1770/4000 loss 1.5439 lr 9.99e-06 9187s mem 4.10GB
step 1780/4000 loss 1.5085 lr 9.93e-06 9229s mem 4.10GB
step 1790/4000 loss 1.5985 lr 9.87e-06 9269s mem 4.10GB
step 1800/4000 loss 1.5791 lr 9.82e-06 9309s mem 4.10GB
step 1810/4000 loss 1.6158 lr 9.76e-06 9346s mem 4.10GB
step 1820/4000 loss 1.6911 lr 9.71e-06 9391s mem 4.10GB
step 1830/4000 loss 1.7887 lr 9.65e-06 9429s mem 4.10GB
step 1840/4000 loss 1.5943 lr 9.59e-06 9472s mem 4.10GB
step 1850/4000 loss 1.4992 lr 9.54e-06 9512s mem 4.10GB
step 1860/4000 loss 1.5801 lr 9.48e-06 9551s mem 4.10GB
step 1870/4000 loss 1.5349 lr 9.42e-06 9587s mem 4.10GB
step 1880/4000 loss 1.5369 lr 9.37e-06 9626s mem 4.10GB
step 1890/4000 loss 1.5863 lr 9.31e-06 9667s mem 4.10GB
step 1900/4000 loss 1.4997 lr 9.25e-06 9709s mem 4.10GB
step 1910/4000 loss 1.3773 lr 9.19e-06 9751s mem 4.10GB
step 1920/4000 loss 1.3791 lr 9.14e-06 9794s mem 4.10GB
step 1930/4000 loss 1.4204 lr 9.08e-06 9832s mem 4.10GB
step 1940/4000 loss 1.3097 lr 9.02e-06 9877s mem 4.10GB
step 1950/4000 loss 1.8179 lr 8.96e-06 9914s mem 4.10GB
step 1960/4000 loss 1.4020 lr 8.91e-06 9954s mem 4.10GB
step 1970/4000 loss 1.5385 lr 8.85e-06 9994s mem 4.10GB
step 1980/4000 loss 1.5173 lr 8.79e-06 10034s mem 4.10GB
step 1990/4000 loss 1.6521 lr 8.73e-06 10074s mem 4.10GB
step 2000/4000 loss 1.4773 lr 8.67e-06 10116s mem 4.10GB

--- Running Held-Out Evaluation at Step 2000 (10,000 rows trained) (2500 samples) ---
  [Eval] 500/2500 samples evaluated...
  [Eval] 1000/2500 samples evaluated...
  [Eval] 1500/2500 samples evaluated...
  [Eval] 2000/2500 samples evaluated...
  [Eval] 2500/2500 samples evaluated...
[Eval Step 2000 | 10,000 Rows] Loss: 1.7833 | PPL: 5.95 | Time: 597.1s
-----------------------------------------------------------------

step 2010/4000 loss 1.5722 lr 8.62e-06 10751s mem 4.10GB
step 2020/4000 loss 1.4734 lr 8.56e-06 10790s mem 4.10GB
step 2030/4000 loss 1.3602 lr 8.50e-06 10824s mem 4.10GB
step 2040/4000 loss 1.5260 lr 8.44e-06 10864s mem 4.10GB
step 2050/4000 loss 1.7899 lr 8.38e-06 10906s mem 4.10GB
step 2060/4000 loss 1.5717 lr 8.32e-06 10949s mem 4.10GB
step 2070/4000 loss 1.2066 lr 8.26e-06 10988s mem 4.10GB
step 2080/4000 loss 1.5262 lr 8.21e-06 11034s mem 4.10GB
step 2090/4000 loss 1.4558 lr 8.15e-06 11077s mem 4.10GB
step 2100/4000 loss 1.5423 lr 8.09e-06 11117s mem 4.10GB
step 2110/4000 loss 1.6209 lr 8.03e-06 11165s mem 4.10GB
step 2120/4000 loss 1.3341 lr 7.97e-06 11213s mem 4.10GB
step 2130/4000 loss 1.4212 lr 7.91e-06 11258s mem 4.10GB
step 2140/4000 loss 1.7893 lr 7.85e-06 11301s mem 4.10GB
step 2150/4000 loss 1.4841 lr 7.79e-06 11343s mem 4.10GB
step 2160/4000 loss 1.3405 lr 7.74e-06 11387s mem 4.10GB
step 2170/4000 loss 1.7469 lr 7.68e-06 11429s mem 4.10GB
step 2180/4000 loss 1.7796 lr 7.62e-06 11474s mem 4.10GB
step 2190/4000 loss 1.5034 lr 7.56e-06 11512s mem 4.10GB
step 2200/4000 loss 1.6038 lr 7.50e-06 11561s mem 4.10GB
step 2210/4000 loss 1.6009 lr 7.44e-06 11603s mem 4.10GB
step 2220/4000 loss 1.4431 lr 7.38e-06 11641s mem 4.10GB
step 2230/4000 loss 1.3905 lr 7.32e-06 11680s mem 4.10GB
step 2240/4000 loss 1.3774 lr 7.26e-06 11717s mem 4.10GB
step 2250/4000 loss 1.3150 lr 7.21e-06 11752s mem 4.10GB
step 2260/4000 loss 1.5298 lr 7.15e-06 11791s mem 4.10GB
step 2270/4000 loss 1.4586 lr 7.09e-06 11829s mem 4.10GB
step 2280/4000 loss 1.5150 lr 7.03e-06 11870s mem 4.10GB
step 2290/4000 loss 1.5793 lr 6.97e-06 11914s mem 4.10GB
step 2300/4000 loss 1.4886 lr 6.91e-06 11964s mem 4.10GB
step 2310/4000 loss 1.5444 lr 6.85e-06 12002s mem 4.10GB
step 2320/4000 loss 1.5857 lr 6.79e-06 12043s mem 4.10GB
step 2330/4000 loss 1.2949 lr 6.74e-06 12087s mem 4.10GB
step 2340/4000 loss 1.4785 lr 6.68e-06 12134s mem 4.10GB
step 2350/4000 loss 1.5397 lr 6.62e-06 12173s mem 4.10GB
step 2360/4000 loss 1.4701 lr 6.56e-06 12213s mem 4.10GB
step 2370/4000 loss 1.4928 lr 6.50e-06 12252s mem 4.10GB
step 2380/4000 loss 1.3857 lr 6.44e-06 12302s mem 4.10GB
step 2390/4000 loss 1.2166 lr 6.38e-06 12341s mem 4.10GB
step 2400/4000 loss 1.5802 lr 6.33e-06 12384s mem 4.10GB
step 2410/4000 loss 1.4797 lr 6.27e-06 12435s mem 4.10GB
step 2420/4000 loss 1.2828 lr 6.21e-06 12477s mem 4.10GB
step 2430/4000 loss 1.5124 lr 6.15e-06 12527s mem 4.10GB
step 2440/4000 loss 1.4420 lr 6.09e-06 12572s mem 4.10GB
step 2450/4000 loss 1.5576 lr 6.04e-06 12611s mem 4.10GB
step 2460/4000 loss 1.4443 lr 5.98e-06 12648s mem 4.10GB
step 2470/4000 loss 1.5726 lr 5.92e-06 12687s mem 4.10GB
step 2480/4000 loss 1.5593 lr 5.86e-06 12723s mem 4.10GB
step 2490/4000 loss 1.6705 lr 5.81e-06 12768s mem 4.10GB
step 2500/4000 loss 1.5499 lr 5.75e-06 12810s mem 4.10GB

--- Running Held-Out Evaluation at Step 2500 (12,500 rows trained) (2500 samples) ---
  [Eval] 500/2500 samples evaluated...
  [Eval] 1000/2500 samples evaluated...
  [Eval] 1500/2500 samples evaluated...
  [Eval] 2000/2500 samples evaluated...
  [Eval] 2500/2500 samples evaluated...
[Eval Step 2500 | 12,500 Rows] Loss: 1.7770 | PPL: 5.91 | Time: 599.4s
-----------------------------------------------------------------

step 2510/4000 loss 1.4306 lr 5.69e-06 13447s mem 4.10GB
step 2520/4000 loss 1.7201 lr 5.63e-06 13489s mem 4.10GB
step 2530/4000 loss 1.5465 lr 5.58e-06 13533s mem 4.10GB
step 2540/4000 loss 1.5541 lr 5.52e-06 13575s mem 4.10GB
step 2550/4000 loss 1.5778 lr 5.46e-06 13626s mem 4.10GB
step 2560/4000 loss 1.5012 lr 5.41e-06 13668s mem 4.10GB
step 2570/4000 loss 1.3407 lr 5.35e-06 13708s mem 4.10GB
step 2580/4000 loss 1.5060 lr 5.29e-06 13746s mem 4.10GB
step 2590/4000 loss 1.7530 lr 5.24e-06 13788s mem 4.10GB
step 2600/4000 loss 1.4650 lr 5.18e-06 13826s mem 4.10GB
step 2610/4000 loss 1.4493 lr 5.13e-06 13867s mem 4.10GB
step 2620/4000 loss 1.4264 lr 5.07e-06 13909s mem 4.10GB
step 2630/4000 loss 1.2933 lr 5.01e-06 13948s mem 4.10GB
step 2640/4000 loss 1.5689 lr 4.96e-06 13994s mem 4.10GB
step 2650/4000 loss 1.5745 lr 4.90e-06 14035s mem 4.10GB
step 2660/4000 loss 1.6099 lr 4.85e-06 14076s mem 4.10GB
step 2670/4000 loss 1.5961 lr 4.79e-06 14121s mem 4.10GB
step 2680/4000 loss 1.3490 lr 4.74e-06 14165s mem 4.10GB
step 2690/4000 loss 1.5908 lr 4.68e-06 14208s mem 4.10GB
step 2700/4000 loss 1.7282 lr 4.63e-06 14246s mem 4.10GB
step 2710/4000 loss 1.3976 lr 4.58e-06 14290s mem 4.10GB
step 2720/4000 loss 1.6301 lr 4.52e-06 14334s mem 4.10GB
step 2730/4000 loss 1.5305 lr 4.47e-06 14377s mem 4.10GB
step 2740/4000 loss 1.6640 lr 4.41e-06 14422s mem 4.10GB
step 2750/4000 loss 1.5069 lr 4.36e-06 14463s mem 4.10GB
step 2760/4000 loss 1.5044 lr 4.31e-06 14501s mem 4.10GB
step 2770/4000 loss 1.5931 lr 4.25e-06 14540s mem 4.10GB
step 2780/4000 loss 1.5564 lr 4.20e-06 14583s mem 4.10GB
step 2790/4000 loss 1.4541 lr 4.15e-06 14625s mem 4.10GB
step 2800/4000 loss 1.2122 lr 4.10e-06 14663s mem 4.10GB
step 2810/4000 loss 1.6014 lr 4.04e-06 14708s mem 4.10GB
step 2820/4000 loss 1.3135 lr 3.99e-06 14749s mem 4.10GB
step 2830/4000 loss 1.5965 lr 3.94e-06 14788s mem 4.10GB
step 2840/4000 loss 1.4295 lr 3.89e-06 14829s mem 4.10GB
step 2850/4000 loss 1.4758 lr 3.84e-06 14867s mem 4.10GB
step 2860/4000 loss 1.6436 lr 3.78e-06 14909s mem 4.10GB
step 2870/4000 loss 1.5925 lr 3.73e-06 14947s mem 4.10GB
step 2880/4000 loss 1.6090 lr 3.68e-06 14991s mem 4.10GB
step 2890/4000 loss 1.8276 lr 3.63e-06 15038s mem 4.10GB
step 2900/4000 loss 1.1185 lr 3.58e-06 15076s mem 4.10GB
step 2910/4000 loss 1.7243 lr 3.53e-06 15120s mem 4.10GB
step 2920/4000 loss 1.2957 lr 3.48e-06 15163s mem 4.10GB
step 2930/4000 loss 1.8475 lr 3.43e-06 15212s mem 4.10GB
step 2940/4000 loss 1.4032 lr 3.38e-06 15253s mem 4.10GB
step 2950/4000 loss 1.7244 lr 3.33e-06 15298s mem 4.10GB
step 2960/4000 loss 1.2011 lr 3.28e-06 15337s mem 4.10GB
step 2970/4000 loss 1.2165 lr 3.24e-06 15376s mem 4.10GB
step 2980/4000 loss 1.6935 lr 3.19e-06 15413s mem 4.10GB
step 2990/4000 loss 1.4814 lr 3.14e-06 15460s mem 4.10GB
step 3000/4000 loss 1.4715 lr 3.09e-06 15495s mem 4.10GB

--- Running Held-Out Evaluation at Step 3000 (15,000 rows trained) (2500 samples) ---
  [Eval] 500/2500 samples evaluated...
  [Eval] 1000/2500 samples evaluated...
  [Eval] 1500/2500 samples evaluated...
  [Eval] 2000/2500 samples evaluated...
  [Eval] 2500/2500 samples evaluated...
[Eval Step 3000 | 15,000 Rows] Loss: 1.7734 | PPL: 5.89 | Time: 597.8s
-----------------------------------------------------------------

step 3010/4000 loss 1.2764 lr 3.04e-06 16129s mem 4.10GB
step 3020/4000 loss 1.5638 lr 3.00e-06 16176s mem 4.10GB
step 3030/4000 loss 1.6203 lr 2.95e-06 16218s mem 4.10GB
step 3040/4000 loss 1.8976 lr 2.90e-06 16264s mem 4.10GB
step 3050/4000 loss 1.4702 lr 2.86e-06 16302s mem 4.10GB
step 3060/4000 loss 1.5462 lr 2.81e-06 16347s mem 4.10GB
step 3070/4000 loss 1.5336 lr 2.76e-06 16388s mem 4.10GB
step 3080/4000 loss 1.6347 lr 2.72e-06 16427s mem 4.10GB
step 3090/4000 loss 1.4626 lr 2.67e-06 16462s mem 4.10GB
step 3100/4000 loss 1.5645 lr 2.63e-06 16498s mem 4.10GB
step 3110/4000 loss 1.5489 lr 2.58e-06 16534s mem 4.10GB
step 3120/4000 loss 1.3270 lr 2.54e-06 16571s mem 4.10GB
step 3130/4000 loss 1.5819 lr 2.50e-06 16612s mem 4.10GB
step 3140/4000 loss 1.5112 lr 2.45e-06 16655s mem 4.10GB
step 3150/4000 loss 1.3456 lr 2.41e-06 16694s mem 4.10GB
step 3160/4000 loss 1.6036 lr 2.37e-06 16736s mem 4.10GB
step 3170/4000 loss 1.5783 lr 2.32e-06 16773s mem 4.10GB
step 3180/4000 loss 1.4578 lr 2.28e-06 16818s mem 4.10GB
step 3190/4000 loss 1.4356 lr 2.24e-06 16867s mem 4.10GB
step 3200/4000 loss 1.6576 lr 2.20e-06 16908s mem 4.10GB
step 3210/4000 loss 1.6390 lr 2.16e-06 16943s mem 4.10GB
step 3220/4000 loss 1.6147 lr 2.11e-06 16990s mem 4.10GB
step 3230/4000 loss 1.4688 lr 2.07e-06 17033s mem 4.10GB
step 3240/4000 loss 1.3286 lr 2.03e-06 17073s mem 4.10GB
step 3250/4000 loss 1.5465 lr 1.99e-06 17128s mem 4.10GB
step 3260/4000 loss 1.5083 lr 1.95e-06 17172s mem 4.10GB
step 3270/4000 loss 1.5382 lr 1.91e-06 17220s mem 4.10GB
step 3280/4000 loss 1.4539 lr 1.87e-06 17257s mem 4.10GB
step 3290/4000 loss 1.6173 lr 1.84e-06 17300s mem 4.10GB
step 3300/4000 loss 1.6725 lr 1.80e-06 17343s mem 4.10GB
step 3310/4000 loss 1.7181 lr 1.76e-06 17385s mem 4.10GB
step 3320/4000 loss 1.5156 lr 1.72e-06 17426s mem 4.10GB
step 3330/4000 loss 1.4422 lr 1.68e-06 17464s mem 4.10GB
step 3340/4000 loss 1.1883 lr 1.65e-06 17502s mem 4.10GB
step 3350/4000 loss 1.4786 lr 1.61e-06 17544s mem 4.10GB
step 3360/4000 loss 1.5587 lr 1.57e-06 17584s mem 4.10GB
step 3370/4000 loss 1.4696 lr 1.54e-06 17628s mem 4.10GB
step 3380/4000 loss 1.5453 lr 1.50e-06 17664s mem 4.10GB
step 3390/4000 loss 1.5994 lr 1.47e-06 17715s mem 4.10GB
step 3400/4000 loss 1.7615 lr 1.43e-06 17756s mem 4.10GB
step 3410/4000 loss 1.4837 lr 1.40e-06 17800s mem 4.10GB
step 3420/4000 loss 1.5955 lr 1.36e-06 17840s mem 4.10GB
step 3430/4000 loss 1.5664 lr 1.33e-06 17889s mem 4.10GB
step 3440/4000 loss 1.4846 lr 1.30e-06 17932s mem 4.10GB
step 3450/4000 loss 1.4168 lr 1.26e-06 17973s mem 4.10GB
step 3460/4000 loss 1.6364 lr 1.23e-06 18020s mem 4.10GB
step 3470/4000 loss 1.6373 lr 1.20e-06 18065s mem 4.10GB
step 3480/4000 loss 1.4547 lr 1.17e-06 18104s mem 4.10GB
step 3490/4000 loss 1.3091 lr 1.14e-06 18141s mem 4.10GB
step 3500/4000 loss 1.4175 lr 1.11e-06 18181s mem 4.10GB

--- Running Held-Out Evaluation at Step 3500 (17,500 rows trained) (2500 samples) ---
  [Eval] 500/2500 samples evaluated...
  [Eval] 1000/2500 samples evaluated...
  [Eval] 1500/2500 samples evaluated...
  [Eval] 2000/2500 samples evaluated...
  [Eval] 2500/2500 samples evaluated...
[Eval Step 3500 | 17,500 Rows] Loss: 1.7711 | PPL: 5.88 | Time: 598.5s
-----------------------------------------------------------------

step 3510/4000 loss 1.4447 lr 1.07e-06 18820s mem 4.10GB
step 3520/4000 loss 1.6966 lr 1.04e-06 18858s mem 4.10GB
step 3530/4000 loss 1.4730 lr 1.01e-06 18896s mem 4.10GB
step 3540/4000 loss 1.6988 lr 9.85e-07 18938s mem 4.10GB
step 3550/4000 loss 1.5497 lr 9.56e-07 18979s mem 4.10GB
step 3560/4000 loss 1.7134 lr 9.28e-07 19021s mem 4.10GB
step 3570/4000 loss 1.6312 lr 9.00e-07 19059s mem 4.10GB
step 3580/4000 loss 1.7187 lr 8.72e-07 19102s mem 4.10GB
step 3590/4000 loss 1.5365 lr 8.44e-07 19142s mem 4.10GB
step 3600/4000 loss 1.4169 lr 8.17e-07 19187s mem 4.10GB
step 3610/4000 loss 1.4127 lr 7.91e-07 19227s mem 4.10GB
step 3620/4000 loss 1.2537 lr 7.65e-07 19267s mem 4.10GB
step 3630/4000 loss 1.3696 lr 7.39e-07 19307s mem 4.10GB
step 3640/4000 loss 1.4477 lr 7.14e-07 19354s mem 4.10GB
step 3650/4000 loss 1.6982 lr 6.89e-07 19397s mem 4.10GB
step 3660/4000 loss 1.5197 lr 6.64e-07 19439s mem 4.10GB
step 3670/4000 loss 1.4188 lr 6.40e-07 19478s mem 4.10GB
step 3680/4000 loss 1.4370 lr 6.17e-07 19517s mem 4.10GB
step 3690/4000 loss 1.6264 lr 5.94e-07 19560s mem 4.10GB
step 3700/4000 loss 1.5327 lr 5.71e-07 19596s mem 4.10GB
step 3710/4000 loss 1.6313 lr 5.49e-07 19638s mem 4.10GB
step 3720/4000 loss 1.6949 lr 5.27e-07 19681s mem 4.10GB
step 3730/4000 loss 1.6638 lr 5.05e-07 19725s mem 4.10GB
step 3740/4000 loss 1.4378 lr 4.84e-07 19761s mem 4.10GB
step 3750/4000 loss 1.4982 lr 4.64e-07 19803s mem 4.10GB
step 3760/4000 loss 1.5345 lr 4.43e-07 19846s mem 4.10GB
step 3770/4000 loss 1.2965 lr 4.24e-07 19887s mem 4.10GB
step 3780/4000 loss 1.4282 lr 4.04e-07 19937s mem 4.10GB
step 3790/4000 loss 1.5222 lr 3.85e-07 19979s mem 4.10GB
step 3800/4000 loss 1.6390 lr 3.67e-07 20020s mem 4.10GB
step 3810/4000 loss 1.7461 lr 3.49e-07 20064s mem 4.10GB
step 3820/4000 loss 1.3279 lr 3.32e-07 20105s mem 4.10GB
step 3830/4000 loss 1.3033 lr 3.14e-07 20144s mem 4.10GB
step 3840/4000 loss 1.5908 lr 2.98e-07 20191s mem 4.10GB
step 3850/4000 loss 1.4537 lr 2.82e-07 20228s mem 4.10GB
step 3860/4000 loss 1.2798 lr 2.66e-07 20264s mem 4.10GB
step 3870/4000 loss 1.3523 lr 2.50e-07 20304s mem 4.10GB
step 3880/4000 loss 1.4203 lr 2.36e-07 20346s mem 4.10GB
step 3890/4000 loss 1.6823 lr 2.21e-07 20386s mem 4.10GB
step 3900/4000 loss 1.4989 lr 2.07e-07 20422s mem 4.10GB
step 3910/4000 loss 1.6522 lr 1.94e-07 20462s mem 4.10GB
step 3920/4000 loss 1.5655 lr 1.81e-07 20500s mem 4.10GB
step 3930/4000 loss 1.7246 lr 1.68e-07 20539s mem 4.10GB
step 3940/4000 loss 1.6421 lr 1.56e-07 20582s mem 4.10GB
step 3950/4000 loss 1.5617 lr 1.44e-07 20624s mem 4.10GB
step 3960/4000 loss 1.4254 lr 1.33e-07 20666s mem 4.10GB
step 3970/4000 loss 1.4028 lr 1.22e-07 20709s mem 4.10GB
step 3980/4000 loss 1.2141 lr 1.12e-07 20745s mem 4.10GB
step 3990/4000 loss 1.5446 lr 1.02e-07 20787s mem 4.10GB
step 4000/4000 loss 1.4410 lr 9.23e-08 20827s mem 4.10GB

--- Running Held-Out Evaluation at Step 4000 (20,000 rows trained) (2500 samples) ---
  [Eval] 500/2500 samples evaluated...
  [Eval] 1000/2500 samples evaluated...
  [Eval] 1500/2500 samples evaluated...
  [Eval] 2000/2500 samples evaluated...
  [Eval] 2500/2500 samples evaluated...
[Eval Step 4000 | 20,000 Rows] Loss: 1.7704 | PPL: 5.87 | Time: 598.6s
-----------------------------------------------------------------

done 21425.91004395485
